D:/Desktop/IoT/Embedded-system---Tetris/Core/Src/main.c:1086:13:SPI5_Write	16	static
D:/Desktop/IoT/Embedded-system---Tetris/Core/Src/main.c:1286:6:StartTask03	8	static
D:/Desktop/IoT/Embedded-system---Tetris/Core/Src/main.c:119:5:Joysticks	0	static
D:/Desktop/IoT/Embedded-system---Tetris/Core/Src/main.c:1207:6:StartDefaultTask	104	static
D:/Desktop/IoT/Embedded-system---Tetris/Core/Src/main.c:309:6:SystemClock_Config	96	static
D:/Desktop/IoT/Embedded-system---Tetris/Core/Src/main.c:203:5:main	120	static
D:/Desktop/IoT/Embedded-system---Tetris/Core/Src/main.c:930:6:IOE_Init	0	static
D:/Desktop/IoT/Embedded-system---Tetris/Core/Src/main.c:939:6:IOE_ITConfig	0	static
D:/Desktop/IoT/Embedded-system---Tetris/Core/Src/main.c:951:6:IOE_Write	32	static
D:/Desktop/IoT/Embedded-system---Tetris/Core/Src/main.c:962:9:IOE_Read	32	static
D:/Desktop/IoT/Embedded-system---Tetris/Core/Src/main.c:975:10:IOE_ReadMultiple	24	static
D:/Desktop/IoT/Embedded-system---Tetris/Core/Src/main.c:984:6:IOE_Delay	0	static
D:/Desktop/IoT/Embedded-system---Tetris/Core/Src/main.c:1112:6:LCD_IO_Init	8	static
D:/Desktop/IoT/Embedded-system---Tetris/Core/Src/main.c:1122:6:LCD_IO_WriteData	16	static
D:/Desktop/IoT/Embedded-system---Tetris/Core/Src/main.c:1138:6:LCD_IO_WriteReg	16	static
D:/Desktop/IoT/Embedded-system---Tetris/Core/Src/main.c:1157:10:LCD_IO_ReadData	32	static
D:/Desktop/IoT/Embedded-system---Tetris/Core/Src/main.c:1184:6:LCD_Delay	0	static
D:/Desktop/IoT/Embedded-system---Tetris/Core/Src/main.c:1360:6:HAL_TIM_PeriodElapsedCallback	0	static
D:/Desktop/IoT/Embedded-system---Tetris/Core/Src/main.c:1378:6:Error_Handler	0	static
