C:/TouchGFXProjects/Embedded-system---Tetris/Core/Src/main.c:1032:13:SPI5_Write	16	static
C:/TouchGFXProjects/Embedded-system---Tetris/Core/Src/main.c:1144:6:StartDefaultTask	56	static
C:/TouchGFXProjects/Embedded-system---Tetris/Core/Src/main.c:115:5:Joysticks	0	static
C:/TouchGFXProjects/Embedded-system---Tetris/Core/Src/main.c:1220:6:StartTask03	32	static
C:/TouchGFXProjects/Embedded-system---Tetris/Core/Src/main.c:298:6:SystemClock_Config	96	static
C:/TouchGFXProjects/Embedded-system---Tetris/Core/Src/main.c:193:5:main	120	static
C:/TouchGFXProjects/Embedded-system---Tetris/Core/Src/main.c:876:6:IOE_Init	0	static
C:/TouchGFXProjects/Embedded-system---Tetris/Core/Src/main.c:885:6:IOE_ITConfig	0	static
C:/TouchGFXProjects/Embedded-system---Tetris/Core/Src/main.c:897:6:IOE_Write	32	static
C:/TouchGFXProjects/Embedded-system---Tetris/Core/Src/main.c:908:9:IOE_Read	32	static
C:/TouchGFXProjects/Embedded-system---Tetris/Core/Src/main.c:921:10:IOE_ReadMultiple	24	static
C:/TouchGFXProjects/Embedded-system---Tetris/Core/Src/main.c:930:6:IOE_Delay	0	static
C:/TouchGFXProjects/Embedded-system---Tetris/Core/Src/main.c:1058:6:LCD_IO_Init	8	static
C:/TouchGFXProjects/Embedded-system---Tetris/Core/Src/main.c:1068:6:LCD_IO_WriteData	16	static
C:/TouchGFXProjects/Embedded-system---Tetris/Core/Src/main.c:1084:6:LCD_IO_WriteReg	16	static
C:/TouchGFXProjects/Embedded-system---Tetris/Core/Src/main.c:1103:10:LCD_IO_ReadData	32	static
C:/TouchGFXProjects/Embedded-system---Tetris/Core/Src/main.c:1130:6:LCD_Delay	0	static
C:/TouchGFXProjects/Embedded-system---Tetris/Core/Src/main.c:1288:6:HAL_TIM_PeriodElapsedCallback	0	static
C:/TouchGFXProjects/Embedded-system---Tetris/Core/Src/main.c:1306:6:Error_Handler	0	static
