C:/TouchGFXProjects/Embedded-system---Tetris/Core/Src/main.c:1032:13:SPI5_Write	1
C:/TouchGFXProjects/Embedded-system---Tetris/Core/Src/main.c:1144:6:StartDefaultTask	11
C:/TouchGFXProjects/Embedded-system---Tetris/Core/Src/main.c:115:5:Joysticks	9
C:/TouchGFXProjects/Embedded-system---Tetris/Core/Src/main.c:1220:6:StartTask03	5
C:/TouchGFXProjects/Embedded-system---Tetris/Core/Src/main.c:298:6:SystemClock_Config	1
C:/TouchGFXProjects/Embedded-system---Tetris/Core/Src/main.c:193:5:main	2
C:/TouchGFXProjects/Embedded-system---Tetris/Core/Src/main.c:876:6:IOE_Init	1
C:/TouchGFXProjects/Embedded-system---Tetris/Core/Src/main.c:885:6:IOE_ITConfig	1
C:/TouchGFXProjects/Embedded-system---Tetris/Core/Src/main.c:897:6:IOE_Write	1
C:/TouchGFXProjects/Embedded-system---Tetris/Core/Src/main.c:908:9:IOE_Read	1
C:/TouchGFXProjects/Embedded-system---Tetris/Core/Src/main.c:921:10:IOE_ReadMultiple	1
C:/TouchGFXProjects/Embedded-system---Tetris/Core/Src/main.c:930:6:IOE_Delay	1
C:/TouchGFXProjects/Embedded-system---Tetris/Core/Src/main.c:1058:6:LCD_IO_Init	1
C:/TouchGFXProjects/Embedded-system---Tetris/Core/Src/main.c:1068:6:LCD_IO_WriteData	1
C:/TouchGFXProjects/Embedded-system---Tetris/Core/Src/main.c:1084:6:LCD_IO_WriteReg	1
C:/TouchGFXProjects/Embedded-system---Tetris/Core/Src/main.c:1103:10:LCD_IO_ReadData	1
C:/TouchGFXProjects/Embedded-system---Tetris/Core/Src/main.c:1130:6:LCD_Delay	1
C:/TouchGFXProjects/Embedded-system---Tetris/Core/Src/main.c:1288:6:HAL_TIM_PeriodElapsedCallback	2
C:/TouchGFXProjects/Embedded-system---Tetris/Core/Src/main.c:1306:6:Error_Handler	1
