../../TouchGFX/gui/include/gui/gamemenu_screen/GameMenuPresenter.hpp:28:13:GameMenuPresenter::~GameMenuPresenter()	0	static
D:/Desktop/IoT/Embedded-system---Tetris/TouchGFX/gui/src/gamemenu_screen/GameMenuPresenter.cpp:10:6:virtual void GameMenuPresenter::activate()	0	static
../../TouchGFX/gui/include/gui/gamemenu_screen/GameMenuPresenter.hpp:28:13:virtual GameMenuPresenter::~GameMenuPresenter()	8	static
../../TouchGFX/gui/include/gui/gamemenu_screen/GameMenuPresenter.hpp:28:13:virtual void* GameMenuPresenter::_ZThn4_N17GameMenuPresenterD1Ev()	0	static
D:/Desktop/IoT/Embedded-system---Tetris/TouchGFX/gui/src/gamemenu_screen/GameMenuPresenter.cpp:4:1:GameMenuPresenter::GameMenuPresenter(GameMenuView&)	0	static
