../../Middlewares/ST/touchgfx/framework/include/touchgfx/Drawable.hpp:147:23:virtual touchgfx::Drawable* touchgfx::Drawable::getFirstChild()	0	static
../../Middlewares/ST/touchgfx/framework/include/touchgfx/Drawable.hpp:315:18:virtual void touchgfx::Drawable::setX(int16_t)	0	static
../../Middlewares/ST/touchgfx/framework/include/touchgfx/Drawable.hpp:327:18:virtual void touchgfx::Drawable::setY(int16_t)	0	static
../../Middlewares/ST/touchgfx/framework/include/touchgfx/Drawable.hpp:356:18:virtual void touchgfx::Drawable::setWidth(int16_t)	0	static
../../Middlewares/ST/touchgfx/framework/include/touchgfx/Drawable.hpp:368:18:virtual void touchgfx::Drawable::setHeight(int16_t)	0	static
../../Middlewares/ST/touchgfx/framework/include/touchgfx/Drawable.hpp:378:18:virtual void touchgfx::Drawable::childGeometryChanged()	0	static
../../Middlewares/ST/touchgfx/framework/include/touchgfx/Drawable.hpp:389:18:virtual void touchgfx::Drawable::handleClickEvent(const touchgfx::ClickEvent&)	0	static
../../Middlewares/ST/touchgfx/framework/include/touchgfx/Drawable.hpp:401:18:virtual void touchgfx::Drawable::handleGestureEvent(const touchgfx::GestureEvent&)	0	static
../../Middlewares/ST/touchgfx/framework/include/touchgfx/Drawable.hpp:490:18:virtual void touchgfx::Drawable::handleDragEvent(const touchgfx::DragEvent&)	0	static
../../Middlewares/ST/touchgfx/framework/include/touchgfx/Drawable.hpp:501:18:virtual void touchgfx::Drawable::handleTickEvent()	0	static
../../Middlewares/ST/touchgfx/framework/include/touchgfx/Drawable.hpp:588:18:virtual void touchgfx::Drawable::moveTo(int16_t, int16_t)	4	static
../../Middlewares/ST/touchgfx/framework/include/touchgfx/Drawable.hpp:703:18:virtual void touchgfx::Drawable::setupDrawChain(const touchgfx::Rect&, touchgfx::Drawable**)	0	static
../../Middlewares/ST/touchgfx/framework/include/touchgfx/Screen.hpp:104:18:virtual void touchgfx::Screen::afterTransition()	0	static
../../Middlewares/ST/touchgfx/framework/include/touchgfx/Screen.hpp:154:18:virtual void touchgfx::Screen::handleKeyEvent(uint8_t)	0	static
C:/TouchGFXProjects/Embedded-system---Tetris/TouchGFX/gui/src/gameboard_screen/GameBoardView.cpp:60:6:virtual void GameBoardView::tearDownScreen()	0	static
../../TouchGFX/gui/include/gui/gameboard_screen/GameBoardView.hpp:69:13:GameBoardView::~GameBoardView()	16	static
../../TouchGFX/gui/include/gui/gameboard_screen/GameBoardView.hpp:69:13:virtual GameBoardView::~GameBoardView()	8	static
../../Middlewares/ST/touchgfx/framework/include/touchgfx/Drawable.hpp:121:18:virtual void touchgfx::Drawable::invalidateContent() const	0	static
../../Middlewares/ST/touchgfx/framework/include/touchgfx/widgets/Widget.hpp:45:18:virtual void touchgfx::Widget::getLastChild(int16_t, int16_t, touchgfx::Drawable**)	0	static
../../Middlewares/ST/touchgfx/framework/include/touchgfx/Drawable.hpp:233:10:void touchgfx::Drawable::setPosition(int16_t, int16_t, int16_t, int16_t)	24	static
C:/TouchGFXProjects/Embedded-system---Tetris/TouchGFX/gui/src/gameboard_screen/GameBoardView.cpp:65:10:uint32_t GameBoardView::my_rand()	8	static
C:/TouchGFXProjects/Embedded-system---Tetris/TouchGFX/gui/src/gameboard_screen/GameBoardView.cpp:68:6:void GameBoardView::Ring(uint8_t)	16	static
C:/TouchGFXProjects/Embedded-system---Tetris/TouchGFX/gui/src/gameboard_screen/GameBoardView.cpp:78:6:void delay_ms(uint32_t)	0	static,ignoring_inline_asm
C:/TouchGFXProjects/Embedded-system---Tetris/TouchGFX/gui/src/gameboard_screen/GameBoardView.cpp:84:6:void GameBoardView::gameOver()	8	static
C:/TouchGFXProjects/Embedded-system---Tetris/TouchGFX/gui/src/gameboard_screen/GameBoardView.cpp:113:6:bool GameBoardView::checkCollision(int, int)	24	static
C:/TouchGFXProjects/Embedded-system---Tetris/TouchGFX/gui/src/gameboard_screen/GameBoardView.cpp:88:6:void GameBoardView::rotate()	152	static
C:/TouchGFXProjects/Embedded-system---Tetris/TouchGFX/gui/src/gameboard_screen/GameBoardView.cpp:128:6:void GameBoardView::spawnPiece()	40	static
C:/TouchGFXProjects/Embedded-system---Tetris/TouchGFX/gui/src/gameboard_screen/GameBoardView.cpp:187:6:void GameBoardView::goRight()	8	static
C:/TouchGFXProjects/Embedded-system---Tetris/TouchGFX/gui/src/gameboard_screen/GameBoardView.cpp:193:6:void GameBoardView::goLeft()	8	static
C:/TouchGFXProjects/Embedded-system---Tetris/TouchGFX/gui/src/gameboard_screen/GameBoardView.cpp:199:6:void GameBoardView::goDown()	16	static
C:/TouchGFXProjects/Embedded-system---Tetris/TouchGFX/gui/src/gameboard_screen/GameBoardView.cpp:204:6:void GameBoardView::handleRight()	0	static
C:/TouchGFXProjects/Embedded-system---Tetris/TouchGFX/gui/src/gameboard_screen/GameBoardView.cpp:208:6:void GameBoardView::handleLeft()	0	static
C:/TouchGFXProjects/Embedded-system---Tetris/TouchGFX/gui/src/gameboard_screen/GameBoardView.cpp:212:6:void GameBoardView::handleDown()	0	static
C:/TouchGFXProjects/Embedded-system---Tetris/TouchGFX/gui/src/gameboard_screen/GameBoardView.cpp:215:5:int GameBoardView::clearFullRows()	32	static
C:/TouchGFXProjects/Embedded-system---Tetris/TouchGFX/gui/src/gameboard_screen/GameBoardView.cpp:164:6:void GameBoardView::autoDrop()	32	static
C:/TouchGFXProjects/Embedded-system---Tetris/TouchGFX/gui/src/gameboard_screen/GameBoardView.cpp:252:6:void GameBoardView::updateBlocks()	32	static
C:/TouchGFXProjects/Embedded-system---Tetris/TouchGFX/gui/src/gameboard_screen/GameBoardView.cpp:414:6:virtual void GameBoardView::tickEvent()	24	static
C:/TouchGFXProjects/Embedded-system---Tetris/TouchGFX/gui/src/gameboard_screen/GameBoardView.cpp:10:1:GameBoardView::GameBoardView()	56	static
C:/TouchGFXProjects/Embedded-system---Tetris/TouchGFX/gui/src/gameboard_screen/GameBoardView.cpp:54:6:virtual void GameBoardView::setupScreen()	8	static
