../../Middlewares/ST/touchgfx/framework/include/touchgfx/Screen.hpp:104:18:virtual void touchgfx::Screen::afterTransition()	0	static
../../Middlewares/ST/touchgfx/framework/include/touchgfx/Screen.hpp:154:18:virtual void touchgfx::Screen::handleKeyEvent(uint8_t)	0	static
D:/Desktop/IoT/Embedded-system---Tetris/TouchGFX/gui/src/gameover_screen/GameOverView.cpp:35:6:virtual void GameOverView::tearDownScreen()	0	static
D:/Desktop/IoT/Embedded-system---Tetris/TouchGFX/gui/src/gameover_screen/GameOverView.cpp:29:6:virtual void GameOverView::goToMenu()	8	static
../../TouchGFX/gui/include/gui/gameover_screen/GameOverView.hpp:11:13:GameOverView::~GameOverView()	8	static
../../TouchGFX/gui/include/gui/gameover_screen/GameOverView.hpp:11:13:virtual GameOverView::~GameOverView()	8	static
D:/Desktop/IoT/Embedded-system---Tetris/TouchGFX/gui/src/gameover_screen/GameOverView.cpp:39:6:virtual void GameOverView::tickEvent()	24	static
D:/Desktop/IoT/Embedded-system---Tetris/TouchGFX/gui/src/gameover_screen/GameOverView.cpp:8:1:GameOverView::GameOverView()	16	static
D:/Desktop/IoT/Embedded-system---Tetris/TouchGFX/gui/src/gameover_screen/GameOverView.cpp:25:6:virtual void GameOverView::setupScreen()	0	static
