../../Middlewares/ST/touchgfx/framework/include/touchgfx/Screen.hpp:104:18:virtual void touchgfx::Screen::afterTransition()	0	static
../../Middlewares/ST/touchgfx/framework/include/touchgfx/Screen.hpp:154:18:virtual void touchgfx::Screen::handleKeyEvent(uint8_t)	0	static
C:/TouchGFXProjects/Tetris/TouchGFX/gui/src/highscore_screen/HighScoreView.cpp:21:6:virtual void HighScoreView::tearDownScreen()	0	static
../../TouchGFX/gui/include/gui/highscore_screen/HighScoreView.hpp:11:13:HighScoreView::~HighScoreView()	8	static
../../TouchGFX/gui/include/gui/highscore_screen/HighScoreView.hpp:11:13:virtual HighScoreView::~HighScoreView()	8	static
C:/TouchGFXProjects/Tetris/TouchGFX/gui/src/highscore_screen/HighScoreView.cpp:25:6:virtual void HighScoreView::tickEvent()	24	static
C:/TouchGFXProjects/Tetris/TouchGFX/gui/src/highscore_screen/HighScoreView.cpp:8:1:HighScoreView::HighScoreView()	8	static
C:/TouchGFXProjects/Tetris/TouchGFX/gui/src/highscore_screen/HighScoreView.cpp:16:6:virtual void HighScoreView::setupScreen()	0	static
