../../TouchGFX/gui/include/gui/menu1_screen/Menu1Presenter.hpp:28:13:Menu1Presenter::~Menu1Presenter()	0	static
D:/Desktop/IoT/Embedded-system---Tetris/TouchGFX/gui/src/menu1_screen/Menu1Presenter.cpp:10:6:virtual void Menu1Presenter::activate()	0	static
../../TouchGFX/gui/include/gui/menu1_screen/Menu1Presenter.hpp:28:13:virtual Menu1Presenter::~Menu1Presenter()	8	static
../../TouchGFX/gui/include/gui/menu1_screen/Menu1Presenter.hpp:28:13:virtual void* Menu1Presenter::_ZThn4_N14Menu1PresenterD1Ev()	0	static
D:/Desktop/IoT/Embedded-system---Tetris/TouchGFX/gui/src/menu1_screen/Menu1Presenter.cpp:4:1:Menu1Presenter::Menu1Presenter(Menu1View&)	0	static
